09-02 10:15:48.534 11335 11363 I TestRunner: started: Test_Youtube(com.example.hinvas.MainActivityTest)
09-02 10:15:48.540 11335 11363 W ActivityTestRule: getActivityIntent() returned null using default: Intent(Intent.ACTION_MAIN)
09-02 10:15:48.543   517   555 D EventSequenceValidator: inc AccIntentStartedEvents to 2
09-02 10:15:48.547   407   407 I perfetto: ing_service_impl.cc:758 Configured tracing session 35, #sources:1, duration:5000 ms, #buffers:1, total buffer size:4096 KB, total sessions:1, uid:1071 session name: ""
09-02 10:15:48.547   403   403 I perfetto: probes_producer.cc:230  Ftrace setup (target_buf=35)
09-02 10:15:48.551   517  4898 W InputReader: Device virtio_input_multi_touch_10 is associated with display ADISPLAY_ID_NONE.
09-02 10:15:48.551   517  4898 W InputReader: Device virtio_input_multi_touch_9 is associated with display ADISPLAY_ID_NONE.
09-02 10:15:48.551   517  4898 W InputReader: Device virtio_input_multi_touch_4 is associated with display ADISPLAY_ID_NONE.
09-02 10:15:48.551   517  4898 W InputReader: Device virtio_input_multi_touch_7 is associated with display ADISPLAY_ID_NONE.
09-02 10:15:48.551   517  4898 W InputReader: Device virtio_input_multi_touch_11 is associated with display ADISPLAY_ID_NONE.
09-02 10:15:48.551   517  4898 W InputReader: Device virtio_input_multi_touch_6 is associated with display ADISPLAY_ID_NONE.
09-02 10:15:48.552   517  4898 W InputReader: Device virtio_input_multi_touch_5 is associated with display ADISPLAY_ID_NONE.
09-02 10:15:48.552   517  4898 W InputReader: Device virtio_input_multi_touch_3 is associated with display ADISPLAY_ID_NONE.
09-02 10:15:48.552   517  4898 W InputReader: Device virtio_input_multi_touch_2 is associated with display ADISPLAY_ID_NONE.
09-02 10:15:48.552   517  4898 W InputReader: Device virtio_input_multi_touch_8 is associated with display ADISPLAY_ID_NONE.
09-02 10:15:48.552   517  4898 W InputReader: Device virtio_input_multi_touch_10 is associated with display ADISPLAY_ID_NONE.
09-02 10:15:48.552   517  4898 W InputReader: Device virtio_input_multi_touch_9 is associated with display ADISPLAY_ID_NONE.
09-02 10:15:48.552   517  4898 W InputReader: Device virtio_input_multi_touch_4 is associated with display ADISPLAY_ID_NONE.
09-02 10:15:48.552   517  4898 W InputReader: Device virtio_input_multi_touch_7 is associated with display ADISPLAY_ID_NONE.
09-02 10:15:48.552   517  4898 W InputReader: Device virtio_input_multi_touch_11 is associated with display ADISPLAY_ID_NONE.
09-02 10:15:48.552   517  4898 W InputReader: Device virtio_input_multi_touch_6 is associated with display ADISPLAY_ID_NONE.
09-02 10:15:48.552   517  4898 W InputReader: Device virtio_input_multi_touch_5 is associated with display ADISPLAY_ID_NONE.
09-02 10:15:48.552   517  4898 W InputReader: Device virtio_input_multi_touch_3 is associated with display ADISPLAY_ID_NONE.
09-02 10:15:48.552   517  4898 W InputReader: Device virtio_input_multi_touch_2 is associated with display ADISPLAY_ID_NONE.
09-02 10:15:48.552   517  4898 W InputReader: Device virtio_input_multi_touch_8 is associated with display ADISPLAY_ID_NONE.
09-02 10:15:48.575   403   403 I perfetto: ftrace_procfs.cc:176    enabled ftrace
09-02 10:15:48.578   310   377 D goldfish-address-space: claimShared: Ask to claim region [0x3f0f01000 0x3f1827000]
09-02 10:15:48.587 11335 11373 D libEGL  : loaded /vendor/lib/egl/libEGL_emulation.so
09-02 10:15:48.594 11335 11373 D libEGL  : loaded /vendor/lib/egl/libGLESv1_CM_emulation.so
09-02 10:15:48.603 11335 11373 D libEGL  : loaded /vendor/lib/egl/libGLESv2_emulation.so
09-02 10:15:48.663 11335 11374 V FA      : App measurement collection enabled
09-02 10:15:48.664 11335 11374 V FA      : App measurement enabled for app package, google app id: com.example.hinvas, 1:315553155921:android:96aa977fb302b459d76170
09-02 10:15:48.665 11335 11374 I FA      : App measurement initialized, version: 66000
09-02 10:15:48.665 11335 11374 I FA      : To enable debug logging run: adb shell setprop log.tag.FA VERBOSE
09-02 10:15:48.665 11335 11374 I FA      : To enable faster debug mode event logging run:
09-02 10:15:48.665 11335 11374 I FA      :   adb shell setprop debug.firebase.analytics.app com.example.hinvas
09-02 10:15:48.665 11335 11374 D FA      : Debug-level message logging enabled
09-02 10:15:48.693 11335 11335 D LifecycleMonitor: Lifecycle status change: com.example.hinvas.MainActivity@cd311f in: PRE_ON_CREATE
09-02 10:15:48.702 11335 11374 V FA      : Connecting to remote service
09-02 10:15:48.708 10949 10949 D BoundBrokerSvc: onBind: Intent { act=com.google.android.gms.measurement.START pkg=com.google.android.gms }
09-02 10:15:48.708 10949 10949 D BoundBrokerSvc: Loading bound service for intent: Intent { act=com.google.android.gms.measurement.START pkg=com.google.android.gms }
09-02 10:15:48.711 11335 11374 V FA      : Connection attempt already in progress
09-02 10:15:48.712 11335 11359 V FA      : onActivityCreated
09-02 10:15:48.716 11335 11374 V FA      : Connection attempt already in progress
09-02 10:15:48.776 11335 11335 W .example.hinva: Accessing hidden method Landroid/view/View;->computeFitSystemWindows(Landroid/graphics/Rect;Landroid/graphics/Rect;)Z (greylist, reflection, allowed)
09-02 10:15:48.776 11335 11335 W .example.hinva: Accessing hidden method Landroid/view/ViewGroup;->makeOptionalFitsSystemWindows()V (greylist, reflection, allowed)
09-02 10:15:49.015   294   294 D Zygote  : Forked child process 11380
09-02 10:15:49.032 11335 11335 D LifecycleMonitor: Lifecycle status change: com.example.hinvas.MainActivity@cd311f in: CREATED
09-02 10:15:49.034 11335 11335 D LifecycleMonitor: Lifecycle status change: com.example.hinvas.MainActivity@cd311f in: STARTED
09-02 10:15:49.035 11335 11335 D LifecycleMonitor: Lifecycle status change: com.example.hinvas.MainActivity@cd311f in: RESUMED
09-02 10:15:49.036 11335 11374 V FA      : Activity resumed, time: 866416
09-02 10:15:49.042 11335 11374 I FA      : Tag Manager is not found and thus will not be used
09-02 10:15:49.058 11380 11380 W .android.chrom: Unexpected CPU variant for X86 using defaults: x86
09-02 10:15:49.060 11335 11335 D LifecycleMonitor: Lifecycle status change: com.example.hinvas.MainActivity@cd311f in: PAUSED
09-02 10:15:49.062 11380 11380 E .android.chrom: Not starting debugger since process cannot load the jdwp agent.
09-02 10:15:49.067 11335 11374 V FA      : Connection attempt already in progress
09-02 10:15:49.068 11335 11374 V FA      : Connection attempt already in progress
09-02 10:15:49.069 11335 11374 V FA      : Screen exposed for less than 1000 ms. Event not sent. time: 25
09-02 10:15:49.069 11335 11374 V FA      : Connection attempt already in progress
09-02 10:15:49.069 11335 11374 V FA      : Activity paused, time: 866441
09-02 10:15:49.077   517  2630 W InputReader: Device virtio_input_multi_touch_10 is associated with display ADISPLAY_ID_NONE.
09-02 10:15:49.077   517  2630 W InputReader: Device virtio_input_multi_touch_9 is associated with display ADISPLAY_ID_NONE.
09-02 10:15:49.077   517  2630 W InputReader: Device virtio_input_multi_touch_4 is associated with display ADISPLAY_ID_NONE.
09-02 10:15:49.077   517  2630 W InputReader: Device virtio_input_multi_touch_7 is associated with display ADISPLAY_ID_NONE.
09-02 10:15:49.077   517  2630 W InputReader: Device virtio_input_multi_touch_11 is associated with display ADISPLAY_ID_NONE.
09-02 10:15:49.077   517  2630 W InputReader: Device virtio_input_multi_touch_6 is associated with display ADISPLAY_ID_NONE.
09-02 10:15:49.077   517  2630 W InputReader: Device virtio_input_multi_touch_5 is associated with display ADISPLAY_ID_NONE.
09-02 10:15:49.077   517  2630 W InputReader: Device virtio_input_multi_touch_3 is associated with display ADISPLAY_ID_NONE.
09-02 10:15:49.077   517  2630 W InputReader: Device virtio_input_multi_touch_2 is associated with display ADISPLAY_ID_NONE.
09-02 10:15:49.077   517  2630 W InputReader: Device virtio_input_multi_touch_8 is associated with display ADISPLAY_ID_NONE.
09-02 10:15:49.077   517  2630 W InputReader: Device virtio_input_multi_touch_10 is associated with display ADISPLAY_ID_NONE.
09-02 10:15:49.077   517  2630 W InputReader: Device virtio_input_multi_touch_9 is associated with display ADISPLAY_ID_NONE.
09-02 10:15:49.077   517  2630 W InputReader: Device virtio_input_multi_touch_4 is associated with display ADISPLAY_ID_NONE.
09-02 10:15:49.077   517  2630 W InputReader: Device virtio_input_multi_touch_7 is associated with display ADISPLAY_ID_NONE.
09-02 10:15:49.077   517  2630 W InputReader: Device virtio_input_multi_touch_11 is associated with display ADISPLAY_ID_NONE.
09-02 10:15:49.077   517  2630 W InputReader: Device virtio_input_multi_touch_6 is associated with display ADISPLAY_ID_NONE.
09-02 10:15:49.077   517  2630 W InputReader: Device virtio_input_multi_touch_5 is associated with display ADISPLAY_ID_NONE.
09-02 10:15:49.077   517  2630 W InputReader: Device virtio_input_multi_touch_3 is associated with display ADISPLAY_ID_NONE.
09-02 10:15:49.077   517  2630 W InputReader: Device virtio_input_multi_touch_2 is associated with display ADISPLAY_ID_NONE.
09-02 10:15:49.077   517  2630 W InputReader: Device virtio_input_multi_touch_8 is associated with display ADISPLAY_ID_NONE.
09-02 10:15:49.085 11380 11380 I .android.chrom: The ClassLoaderContext is a special shared library.
09-02 10:15:49.086 11380 11380 D nativeloader: classloader namespace configured for unbundled product apk. library_path=/product/app/Chrome/lib/x86:/product/app/Chrome/Chrome.apk!/lib/x86:/product/app/TrichromeLibrary/TrichromeLibrary.apk!/lib/x86:/product/lib:/system/product/lib
09-02 10:15:49.087 11380 11380 I .android.chrom: The ClassLoaderContext is a special shared library.
09-02 10:15:49.087 11380 11380 D nativeloader: classloader namespace configured for unbundled product apk. library_path=/product/app/Chrome/lib/x86:/product/app/Chrome/Chrome.apk!/lib/x86:/product/app/TrichromeLibrary/TrichromeLibrary.apk!/lib/x86:/product/lib:/system/product/lib
09-02 10:15:49.093 11380 11380 I LoadedApk: No resource references to update in package com.android.chrome.autofill_assistant
09-02 10:15:49.093 11380 11380 I LoadedApk: No resource references to update in package com.android.chrome.chime
09-02 10:15:49.093 11380 11380 I LoadedApk: No resource references to update in package com.android.chrome.test_dummy
09-02 10:15:49.094 11380 11380 D NetworkSecurityConfig: Using Network Security Config from resource network_security_config debugBuild: false
09-02 10:15:49.094 11380 11380 D NetworkSecurityConfig: Using Network Security Config from resource network_security_config debugBuild: false
09-02 10:15:49.121 11335 11371 D HostConnection: HostConnection::get() New Host Connection established 0xe80734d0, tid 11371
09-02 10:15:49.136 11335 11371 D HostConnection: HostComposition ext ANDROID_EMU_CHECKSUM_HELPER_v1 ANDROID_EMU_native_sync_v2 ANDROID_EMU_native_sync_v3 ANDROID_EMU_native_sync_v4 ANDROID_EMU_dma_v1 ANDROID_EMU_direct_mem ANDROID_EMU_host_composition_v1 ANDROID_EMU_host_composition_v2 ANDROID_EMU_vulkan ANDROID_EMU_deferred_vulkan_commands ANDROID_EMU_vulkan_null_optional_strings ANDROID_EMU_vulkan_create_resources_with_requirements ANDROID_EMU_YUV_Cache ANDROID_EMU_vulkan_ignored_handles ANDROID_EMU_has_shared_slots_host_memory_allocator ANDROID_EMU_vulkan_free_memory_sync ANDROID_EMU_vulkan_shader_float16_int8 ANDROID_EMU_vulkan_async_queue_submit ANDROID_EMU_sync_buffer_data ANDROID_EMU_read_color_buffer_dma GL_OES_vertex_array_object GL_KHR_texture_compression_astc_ldr ANDROID_EMU_host_side_tracing ANDROID_EMU_gles_max_version_2
09-02 10:15:49.139   172   172 I hwservicemanager: getTransport: Cannot find entry android.hardware.configstore@1.0::ISurfaceFlingerConfigs/default in either framework or device manifest.
09-02 10:15:49.139 11335 11371 W OpenGLRenderer: Failed to choose config with EGL_SWAP_BEHAVIOR_PRESERVED, retrying without...
09-02 10:15:49.147 11335 11371 D EGL_emulation: eglCreateContext: 0xe8072b30: maj 2 min 0 rcv 2
09-02 10:15:49.149 11380 11380 I cr_InstantAppsHandler: Package manager handles intents on O+, not handling in Chrome
09-02 10:15:49.151   517   555 D EventSequenceValidator: inc AccIntentStartedEvents to 3
09-02 10:15:49.151 11380 11404 D libEGL  : loaded /vendor/lib/egl/libEGL_emulation.so
09-02 10:15:49.154 11380 11404 D libEGL  : loaded /vendor/lib/egl/libGLESv1_CM_emulation.so
09-02 10:15:49.156 11380 11404 D libEGL  : loaded /vendor/lib/egl/libGLESv2_emulation.so
09-02 10:15:49.159   517   555 D EventSequenceValidator: dec AccIntentStartedEvents to 2
09-02 10:15:49.165   517  4898 W InputReader: Device virtio_input_multi_touch_10 is associated with display ADISPLAY_ID_NONE.
09-02 10:15:49.165   517  4898 W InputReader: Device virtio_input_multi_touch_9 is associated with display ADISPLAY_ID_NONE.
09-02 10:15:49.165   517  4898 W InputReader: Device virtio_input_multi_touch_4 is associated with display ADISPLAY_ID_NONE.
09-02 10:15:49.165   517  4898 W InputReader: Device virtio_input_multi_touch_7 is associated with display ADISPLAY_ID_NONE.
09-02 10:15:49.165   517  4898 W InputReader: Device virtio_input_multi_touch_11 is associated with display ADISPLAY_ID_NONE.
09-02 10:15:49.165   517  4898 W InputReader: Device virtio_input_multi_touch_6 is associated with display ADISPLAY_ID_NONE.
09-02 10:15:49.165   517  4898 W InputReader: Device virtio_input_multi_touch_5 is associated with display ADISPLAY_ID_NONE.
09-02 10:15:49.165   517  4898 W InputReader: Device virtio_input_multi_touch_3 is associated with display ADISPLAY_ID_NONE.
09-02 10:15:49.165   517  4898 W InputReader: Device virtio_input_multi_touch_2 is associated with display ADISPLAY_ID_NONE.
09-02 10:15:49.165   517  4898 W InputReader: Device virtio_input_multi_touch_8 is associated with display ADISPLAY_ID_NONE.
09-02 10:15:49.165   517  4898 W InputReader: Device virtio_input_multi_touch_10 is associated with display ADISPLAY_ID_NONE.
09-02 10:15:49.165   517  4898 W InputReader: Device virtio_input_multi_touch_9 is associated with display ADISPLAY_ID_NONE.
09-02 10:15:49.165   517  4898 W InputReader: Device virtio_input_multi_touch_4 is associated with display ADISPLAY_ID_NONE.
09-02 10:15:49.165   517  4898 W InputReader: Device virtio_input_multi_touch_7 is associated with display ADISPLAY_ID_NONE.
09-02 10:15:49.165   517  4898 W InputReader: Device virtio_input_multi_touch_11 is associated with display ADISPLAY_ID_NONE.
09-02 10:15:49.165   517  4898 W InputReader: Device virtio_input_multi_touch_6 is associated with display ADISPLAY_ID_NONE.
09-02 10:15:49.165   517  4898 W InputReader: Device virtio_input_multi_touch_5 is associated with display ADISPLAY_ID_NONE.
09-02 10:15:49.165   517  4898 W InputReader: Device virtio_input_multi_touch_3 is associated with display ADISPLAY_ID_NONE.
09-02 10:15:49.165   517  4898 W InputReader: Device virtio_input_multi_touch_2 is associated with display ADISPLAY_ID_NONE.
09-02 10:15:49.165   517  4898 W InputReader: Device virtio_input_multi_touch_8 is associated with display ADISPLAY_ID_NONE.
09-02 10:15:49.166 11335 11371 D EGL_emulation: eglMakeCurrent: 0xe8072b30: ver 2 0 (tinfo 0xe83bead0) (first time)
09-02 10:15:49.171 11380 11380 I cr_InstantAppsHandler: Package manager handles intents on O+, not handling in Chrome
09-02 10:15:49.173   310   377 D goldfish-address-space: claimShared: Ask to claim region [0x3f2728000 0x3f304e000]
09-02 10:15:49.176   172   172 I hwservicemanager: getTransport: Cannot find entry android.hardware.graphics.mapper@4.0::IMapper/default in either framework or device manifest.
09-02 10:15:49.177 11335 11371 I Gralloc4: mapper 4.x is not supported
09-02 10:15:49.177 11335 11371 D HostConnection: createUnique: call
09-02 10:15:49.178 11335 11371 D HostConnection: HostConnection::get() New Host Connection established 0xe80735b0, tid 11371
09-02 10:15:49.178 11335 11371 D goldfish-address-space: allocate: Ask for block of size 0x100
09-02 10:15:49.178 11335 11371 D goldfish-address-space: allocate: ioctl allocate returned offset 0x3efffe000 size 0x2000
09-02 10:15:49.181 11335 11371 D HostConnection: HostComposition ext ANDROID_EMU_CHECKSUM_HELPER_v1 ANDROID_EMU_native_sync_v2 ANDROID_EMU_native_sync_v3 ANDROID_EMU_native_sync_v4 ANDROID_EMU_dma_v1 ANDROID_EMU_direct_mem ANDROID_EMU_host_composition_v1 ANDROID_EMU_host_composition_v2 ANDROID_EMU_vulkan ANDROID_EMU_deferred_vulkan_commands ANDROID_EMU_vulkan_null_optional_strings ANDROID_EMU_vulkan_create_resources_with_requirements ANDROID_EMU_YUV_Cache ANDROID_EMU_vulkan_ignored_handles ANDROID_EMU_has_shared_slots_host_memory_allocator ANDROID_EMU_vulkan_free_memory_sync ANDROID_EMU_vulkan_shader_float16_int8 ANDROID_EMU_vulkan_async_queue_submit ANDROID_EMU_sync_buffer_data ANDROID_EMU_read_color_buffer_dma GL_OES_vertex_array_object GL_KHR_texture_compression_astc_ldr ANDROID_EMU_host_side_tracing ANDROID_EMU_gles_max_version_2
09-02 10:15:49.186   517  2630 W InputReader: Device virtio_input_multi_touch_10 is associated with display ADISPLAY_ID_NONE.
09-02 10:15:49.186   517  2630 W InputReader: Device virtio_input_multi_touch_9 is associated with display ADISPLAY_ID_NONE.
09-02 10:15:49.186   517  2630 W InputReader: Device virtio_input_multi_touch_4 is associated with display ADISPLAY_ID_NONE.
09-02 10:15:49.186   517  2630 W InputReader: Device virtio_input_multi_touch_7 is associated with display ADISPLAY_ID_NONE.
09-02 10:15:49.186   517  2630 W InputReader: Device virtio_input_multi_touch_11 is associated with display ADISPLAY_ID_NONE.
09-02 10:15:49.186   517  2630 W InputReader: Device virtio_input_multi_touch_6 is associated with display ADISPLAY_ID_NONE.
09-02 10:15:49.186   517  2630 W InputReader: Device virtio_input_multi_touch_5 is associated with display ADISPLAY_ID_NONE.
09-02 10:15:49.186   517  2630 W InputReader: Device virtio_input_multi_touch_3 is associated with display ADISPLAY_ID_NONE.
09-02 10:15:49.186   517  2630 W InputReader: Device virtio_input_multi_touch_2 is associated with display ADISPLAY_ID_NONE.
09-02 10:15:49.186   517  2630 W InputReader: Device virtio_input_multi_touch_8 is associated with display ADISPLAY_ID_NONE.
09-02 10:15:49.186   517  2630 W InputReader: Device virtio_input_multi_touch_10 is associated with display ADISPLAY_ID_NONE.
09-02 10:15:49.186   517  2630 W InputReader: Device virtio_input_multi_touch_9 is associated with display ADISPLAY_ID_NONE.
09-02 10:15:49.186   517  2630 W InputReader: Device virtio_input_multi_touch_4 is associated with display ADISPLAY_ID_NONE.
09-02 10:15:49.186   517  2630 W InputReader: Device virtio_input_multi_touch_7 is associated with display ADISPLAY_ID_NONE.
09-02 10:15:49.186   517  2630 W InputReader: Device virtio_input_multi_touch_11 is associated with display ADISPLAY_ID_NONE.
09-02 10:15:49.186   517  2630 W InputReader: Device virtio_input_multi_touch_6 is associated with display ADISPLAY_ID_NONE.
09-02 10:15:49.186   517  2630 W InputReader: Device virtio_input_multi_touch_5 is associated with display ADISPLAY_ID_NONE.
09-02 10:15:49.186   517  2630 W InputReader: Device virtio_input_multi_touch_3 is associated with display ADISPLAY_ID_NONE.
09-02 10:15:49.186   517  2630 W InputReader: Device virtio_input_multi_touch_2 is associated with display ADISPLAY_ID_NONE.
09-02 10:15:49.186   517  2630 W InputReader: Device virtio_input_multi_touch_8 is associated with display ADISPLAY_ID_NONE.
09-02 10:15:49.187   310   377 D goldfish-address-space: claimShared: Ask to claim region [0x3f304e000 0x3f3974000]
09-02 10:15:49.193   310   377 D goldfish-address-space: claimShared: Ask to claim region [0x3f0000000 0x3f0926000]
09-02 10:15:49.197   310   377 D goldfish-address-space: claimShared: Ask to claim region [0x3f4000000 0x3f4926000]
09-02 10:15:49.199   517   555 D EventSequenceValidator: dec AccIntentStartedEvents to 1
09-02 10:15:49.216 11380 11399 W DynamiteModule: Local module descriptor class for com.google.android.gms.googlecertificates not found.
09-02 10:15:49.220  7624  7706 W SearchServiceCore: Abort, client detached.
09-02 10:15:49.221  7624  7706 I MicroDetectionState: Should stop hotword detection immediately - false
09-02 10:15:49.224 11380 11416 I cr_Linker: Using linker: org.chromium.base.library_loader.ModernLinker
09-02 10:15:49.224 11380 11416 I cr_LibraryLoader: Loading monochrome
09-02 10:15:49.225  7624  7768 I PBSessionCacheImpl: Deleted sessionId[33532368681336415] from persistence.
09-02 10:15:49.234   310   377 D goldfish-address-space: claimShared: Ask to claim region [0x3f0926000 0x3f0f01000]
09-02 10:15:49.246 11380 11416 I cr_LibraryLoader: Loaded native library version number "83.0.4103.106"
09-02 10:15:49.247 11380 11416 I cr_CachingUmaRecorder: Flushed 15 samples from 13 histograms.
09-02 10:15:49.251 11380 11399 I DynamiteModule: Considering local module com.google.android.gms.googlecertificates:0 and remote module com.google.android.gms.googlecertificates:7
09-02 10:15:49.251 11380 11399 I DynamiteModule: Selected remote version of com.google.android.gms.googlecertificates, version >= 7
09-02 10:15:49.268 11380 11399 W System  : ClassLoader referenced unknown path:
09-02 10:15:49.282 11380 11402 D HostConnection: HostConnection::get() New Host Connection established 0xe8041890, tid 11402
09-02 10:15:49.284 11380 11402 D HostConnection: HostComposition ext ANDROID_EMU_CHECKSUM_HELPER_v1 ANDROID_EMU_native_sync_v2 ANDROID_EMU_native_sync_v3 ANDROID_EMU_native_sync_v4 ANDROID_EMU_dma_v1 ANDROID_EMU_direct_mem ANDROID_EMU_host_composition_v1 ANDROID_EMU_host_composition_v2 ANDROID_EMU_vulkan ANDROID_EMU_deferred_vulkan_commands ANDROID_EMU_vulkan_null_optional_strings ANDROID_EMU_vulkan_create_resources_with_requirements ANDROID_EMU_YUV_Cache ANDROID_EMU_vulkan_ignored_handles ANDROID_EMU_has_shared_slots_host_memory_allocator ANDROID_EMU_vulkan_free_memory_sync ANDROID_EMU_vulkan_shader_float16_int8 ANDROID_EMU_vulkan_async_queue_submit ANDROID_EMU_sync_buffer_data ANDROID_EMU_read_color_buffer_dma GL_OES_vertex_array_object GL_KHR_texture_compression_astc_ldr ANDROID_EMU_host_side_tracing ANDROID_EMU_gles_max_version_2
09-02 10:15:49.285   172   172 I hwservicemanager: getTransport: Cannot find entry android.hardware.configstore@1.0::ISurfaceFlingerConfigs/default in either framework or device manifest.
09-02 10:15:49.286 11380 11402 W OpenGLRenderer: Failed to choose config with EGL_SWAP_BEHAVIOR_PRESERVED, retrying without...
09-02 10:15:49.295 11380 11402 D EGL_emulation: eglCreateContext: 0xe806d9d0: maj 2 min 0 rcv 2
09-02 10:15:49.311 11380 11402 D EGL_emulation: eglMakeCurrent: 0xe806d9d0: ver 2 0 (tinfo 0xe83b93b0) (first time)
09-02 10:15:49.318   310   377 D goldfish-address-space: claimShared: Ask to claim region [0x3f1e02000 0x3f2728000]
09-02 10:15:49.338   172   172 I hwservicemanager: getTransport: Cannot find entry android.hardware.graphics.mapper@4.0::IMapper/default in either framework or device manifest.
09-02 10:15:49.338 11380 11402 I Gralloc4: mapper 4.x is not supported
09-02 10:15:49.338 11380 11402 D HostConnection: createUnique: call
09-02 10:15:49.347 11380 11402 D HostConnection: HostConnection::get() New Host Connection established 0xe806cbd0, tid 11402
09-02 10:15:49.347 11380 11402 D goldfish-address-space: allocate: Ask for block of size 0x100
09-02 10:15:49.347 11380 11402 D goldfish-address-space: allocate: ioctl allocate returned offset 0x3efffe000 size 0x2000
09-02 10:15:49.351 11380 11402 D HostConnection: HostComposition ext ANDROID_EMU_CHECKSUM_HELPER_v1 ANDROID_EMU_native_sync_v2 ANDROID_EMU_native_sync_v3 ANDROID_EMU_native_sync_v4 ANDROID_EMU_dma_v1 ANDROID_EMU_direct_mem ANDROID_EMU_host_composition_v1 ANDROID_EMU_host_composition_v2 ANDROID_EMU_vulkan ANDROID_EMU_deferred_vulkan_commands ANDROID_EMU_vulkan_null_optional_strings ANDROID_EMU_vulkan_create_resources_with_requirements ANDROID_EMU_YUV_Cache ANDROID_EMU_vulkan_ignored_handles ANDROID_EMU_has_shared_slots_host_memory_allocator ANDROID_EMU_vulkan_free_memory_sync ANDROID_EMU_vulkan_shader_float16_int8 ANDROID_EMU_vulkan_async_queue_submit ANDROID_EMU_sync_buffer_data ANDROID_EMU_read_color_buffer_dma GL_OES_vertex_array_object GL_KHR_texture_compression_astc_ldr ANDROID_EMU_host_side_tracing ANDROID_EMU_gles_max_version_2
09-02 10:15:49.352   310   377 D goldfish-address-space: claimShared: Ask to claim region [0x3f5b72000 0x3f6498000]
09-02 10:15:49.354   310   377 D goldfish-address-space: claimShared: Ask to claim region [0x3f6498000 0x3f6dbe000]
09-02 10:15:49.363   517   560 I ActivityTaskManager: Displayed com.android.chrome/org.chromium.chrome.browser.firstrun.FirstRunActivity: +212ms
09-02 10:15:49.367 11335 11374 D FA      : Connected to remote service
09-02 10:15:49.368 11335 11374 V FA      : Processing queued up service tasks: 6
09-02 10:15:49.370 11380 11380 W .android.chrom: Accessing hidden method Landroid/graphics/FontFamily;-><init>()V (greylist-max-q, reflection, denied)
09-02 10:15:49.370 11380 11380 E TypefaceCompatApi26Impl: Unable to collect necessary methods for class java.lang.NoSuchMethodException
09-02 10:15:49.370 11380 11380 E TypefaceCompatApi26Impl: java.lang.NoSuchMethodException: android.graphics.FontFamily.<init> []
09-02 10:15:49.370 11380 11380 E TypefaceCompatApi26Impl: 	at java.lang.Class.getConstructor0(Class.java:2332)
09-02 10:15:49.370 11380 11380 E TypefaceCompatApi26Impl: 	at java.lang.Class.getConstructor(Class.java:1728)
09-02 10:15:49.370 11380 11380 E TypefaceCompatApi26Impl: 	at s7.<init>(chromium-TrichromeChromeGoogle.aab-stable-410410681:3)
09-02 10:15:49.370 11380 11380 E TypefaceCompatApi26Impl: 	at t7.<init>(chromium-TrichromeChromeGoogle.aab-stable-410410681:1)
09-02 10:15:49.370 11380 11380 E TypefaceCompatApi26Impl: 	at q7.<clinit>(chromium-TrichromeChromeGoogle.aab-stable-410410681:1)
09-02 10:15:49.370 11380 11380 E TypefaceCompatApi26Impl: 	at F4.h(chromium-TrichromeChromeGoogle.aab-stable-410410681:12)
09-02 10:15:49.370 11380 11380 E TypefaceCompatApi26Impl: 	at I3.f(chromium-TrichromeChromeGoogle.aab-stable-410410681:15)
09-02 10:15:49.370 11380 11380 E TypefaceCompatApi26Impl: 	at I3.d(chromium-TrichromeChromeGoogle.aab-stable-410410681:29)
09-02 10:15:49.370 11380 11380 E TypefaceCompatApi26Impl: 	at J3.<init>(chromium-TrichromeChromeGoogle.aab-stable-410410681:5)
09-02 10:15:49.370 11380 11380 E TypefaceCompatApi26Impl: 	at p1.onCreateView(chromium-TrichromeChromeGoogle.aab-stable-410410681:52)
09-02 10:15:49.370 11380 11380 E TypefaceCompatApi26Impl: 	at android.view.LayoutInflater$FactoryMerger.onCreateView(LayoutInflater.java:240)
09-02 10:15:49.370 11380 11380 E TypefaceCompatApi26Impl: 	at android.view.LayoutInflater.tryCreateView(LayoutInflater.java:1059)
09-02 10:15:49.370 11380 11380 E TypefaceCompatApi26Impl: 	at android.view.LayoutInflater.createViewFromTag(LayoutInflater.java:995)
09-02 10:15:49.370 11380 11380 E TypefaceCompatApi26Impl: 	at android.view.LayoutInflater.createViewFromTag(LayoutInflater.java:959)
09-02 10:15:49.370 11380 11380 E TypefaceCompatApi26Impl: 	at android.view.LayoutInflater.rInflate(LayoutInflater.java:1121)
09-02 10:15:49.370 11380 11380 E TypefaceCompatApi26Impl: 	at android.view.LayoutInflater.rInflateChildren(LayoutInflater.java:1082)
09-02 10:15:49.370 11380 11380 E TypefaceCompatApi26Impl: 	at android.view.LayoutInflater.rInflate(LayoutInflater.java:1124)
09-02 10:15:49.370 11380 11380 E TypefaceCompatApi26Impl: 	at android.view.LayoutInflater.rInflateChildren(LayoutInflater.java:1082)
09-02 10:15:49.370 11380 11380 E TypefaceCompatApi26Impl: 	at android.view.LayoutInflater.rInflate(LayoutInflater.java:1124)
09-02 10:15:49.370 11380 11380 E TypefaceCompatApi26Impl: 	at android.view.LayoutInflater.rInflateChildren(LayoutInflater.java:1082)
09-02 10:15:49.370 11380 11380 E TypefaceCompatApi26Impl: 	at android.view.LayoutInflater.inflate(LayoutInflater.java:680)
09-02 10:15:49.370 11380 11380 E TypefaceCompatApi26Impl: 	at android.view.LayoutInflater.inflate(LayoutInflater.java:532)
09-02 10:15:49.370 11380 11380 E TypefaceCompatApi26Impl: 	at org.chromium.chrome.browser.firstrun.ToSAndUMAFirstRunFragment.n0(chromium-TrichromeChromeGoogle.aab-stable-410410681:1)
09-02 10:15:49.370 11380 11380 E TypefaceCompatApi26Impl: 	at n9.I0(chromium-TrichromeChromeGoogle.aab-stable-410410681:6)
09-02 10:15:49.370 11380 11380 E TypefaceCompatApi26Impl: 	at N9.j0(chromium-TrichromeChromeGoogle.aab-stable-410410681:94)
09-02 10:15:49.370 11380 11380 E TypefaceCompatApi26Impl: 	at N9.h0(chromium-TrichromeChromeGoogle.aab-stable-410410681:6)
09-02 10:15:49.370 11380 11380 E TypefaceCompatApi26Impl: 	at N9.i0(chromium-TrichromeChromeGoogle.aab-stable-410410681:8)
09-02 10:15:49.370 11380 11380 E TypefaceCompatApi26Impl: 	at e9.k(chromium-TrichromeChromeGoogle.aab-stable-410410681:36)
09-02 10:15:49.370 11380 11380 E TypefaceCompatApi26Impl: 	at N9.X(chromium-TrichromeChromeGoogle.aab-stable-410410681:50)
09-02 10:15:49.370 11380 11380 E TypefaceCompatApi26Impl: 	at N9.o0(chromium-TrichromeChromeGoogle.aab-stable-410410681:10)
09-02 10:15:49.370 11380 11380 E TypefaceCompatApi26Impl: 	at e9.c(chromium-TrichromeChromeGoogle.aab-stable-410410681:8)
09-02 10:15:49.370 11380 11380 E TypefaceCompatApi26Impl: 	at S9.e(chromium-TrichromeChromeGoogle.aab-stable-410410681:2)
09-02 10:15:49.370 11380 11380 E TypefaceCompatApi26Impl: 	at androidx.viewpager.widget.ViewPager.t(chromium-TrichromeChromeGoogle.aab-stable-410410681:94)
09-02 10:15:49.370 11380 11380 E TypefaceCompatApi26Impl: 	at androidx.viewpager.widget.ViewPager.y(chromium-TrichromeChromeGoogle.aab-stable-410410681:38)
09-02 10:15:49.370 11380 11380 E TypefaceCompatApi26Impl: 	at La1.c(chromium-TrichromeChromeGoogle.aab-stable-410410681:30)
09-02 10:15:49.370 11380 11380 E TypefaceCompatApi26Impl: 	at Qa1.a(chromium-TrichromeChromeGoogle.aab-stable-410410681:15)
09-02 10:15:49.370 11380 11380 E TypefaceCompatApi26Impl: 	at VH1.onResult(chromium-TrichromeChromeGoogle.aab-stable-410410681:3)
09-02 10:15:49.370 11380 11380 E TypefaceCompatApi26Impl: 	at hD0.onResult(chromium-TrichromeChromeGoogle.aab-stable-410410681:2)
09-02 10:15:49.370 11380 11380 E TypefaceCompatApi26Impl: 	at xw2.run(chromium-TrichromeChromeGoogle.aab-stable-410410681:1)
09-02 10:15:49.370 11380 11380 E TypefaceCompatApi26Impl: 	at Aw2.k(chromium-TrichromeChromeGoogle.aab-stable-410410681:5)
09-02 10:15:49.370 11380 11380 E TypefaceCompatApi26Impl: 	at Hn0.run(chromium-TrichromeChromeGoogle.aab-stable-410410681:3)
09-02 10:15:49.370 11380 11380 E TypefaceCompatApi26Impl: 	at android.os.Handler.handleCallback(Handler.java:938)
09-02 10:15:49.370 11380 11380 E TypefaceCompatApi26Impl: 	at android.os.Handler.dispatchMessage(Handler.java:99)
09-02 10:15:49.370 11380 11380 E TypefaceCompatApi26Impl: 	at android.os.Looper.loop(Looper.java:223)
09-02 10:15:49.370 11380 11380 E TypefaceCompatApi26Impl: 	at android.app.ActivityThread.main(ActivityThread.java:7656)
09-02 10:15:49.370 11380 11380 E TypefaceCompatApi26Impl: 	at java.lang.reflect.Method.invoke(Native Method)
09-02 10:15:49.370 11380 11380 E TypefaceCompatApi26Impl: 	at com.android.internal.os.RuntimeInit$MethodAndArgsCaller.run(RuntimeInit.java:592)
09-02 10:15:49.370 11380 11380 E TypefaceCompatApi26Impl: 	at com.android.internal.os.ZygoteInit.main(ZygoteInit.java:947)
09-02 10:15:49.378  7478  8085 I FontLog : Received query Google Sans, URI content://com.google.android.gms.fonts [CONTEXT service_id=132 ]
09-02 10:15:49.379  7478  8085 I FontLog : Query [Google Sans] resolved to {Google Sans, wdth 100.0, wght 400, ital 0.0, bestEffort false} [CONTEXT service_id=132 ]
09-02 10:15:49.380  7478  8085 I FontLog : Font PFD returned from cache for {Google Sans, wdth 100.0, wght 400, ital 0.0, bestEffort false} [CONTEXT service_id=132 ]
09-02 10:15:49.380  7478  8085 I FontLog : Fetch {Google Sans, wdth 100.0, wght 400, ital 0.0, bestEffort false} end status Status{statusCode=SUCCESS, resolution=null} [CONTEXT service_id=132 ]
09-02 10:15:49.384 11380 11420 W TypefaceCompatApi26Impl: Unable to collect necessary private methods. Fallback to legacy implementation.
09-02 10:15:49.385  7478  8085 I FontLog : Pulling font file for id = 26, cache size = 6 [CONTEXT service_id=132 ]
09-02 10:15:49.410  7478  8085 I FontLog : Received query Google Sans:500, URI content://com.google.android.gms.fonts [CONTEXT service_id=132 ]
09-02 10:15:49.410  7478  8085 I FontLog : Query [Google Sans:500] resolved to {Google Sans, wdth 100.0, wght 500, ital 0.0, bestEffort false} [CONTEXT service_id=132 ]
09-02 10:15:49.410  7478  8085 I FontLog : Font PFD returned from cache for {Google Sans, wdth 100.0, wght 500, ital 0.0, bestEffort false} [CONTEXT service_id=132 ]
09-02 10:15:49.411  7478  8085 I FontLog : Fetch {Google Sans, wdth 100.0, wght 500, ital 0.0, bestEffort false} end status Status{statusCode=SUCCESS, resolution=null} [CONTEXT service_id=132 ]
09-02 10:15:49.416 11335 11363 D EventInjectionStrategy: Creating injection strategy with input manager.
09-02 10:15:49.416 11335 11363 W .example.hinva: Accessing hidden method Landroid/hardware/input/InputManager;->getInstance()Landroid/hardware/input/InputManager; (greylist, reflection, allowed)
09-02 10:15:49.416 11335 11363 W .example.hinva: Accessing hidden method Landroid/hardware/input/InputManager;->injectInputEvent(Landroid/view/InputEvent;I)Z (greylist, reflection, allowed)
09-02 10:15:49.416 11335 11363 W .example.hinva: Accessing hidden field Landroid/hardware/input/InputManager;->INJECT_INPUT_EVENT_MODE_WAIT_FOR_FINISH:I (greylist, reflection, allowed)
09-02 10:15:49.421   294   294 D Zygote  : Forked child process 11422
09-02 10:15:49.422   517   562 W ZygoteProcess: Got error connecting to zygote, retrying. msg= Connection refused
09-02 10:15:49.428 11380 11420 W TypefaceCompatApi26Impl: Unable to collect necessary private methods. Fallback to legacy implementation.
09-02 10:15:49.429  7478  7495 I FontLog : Pulling font file for id = 27, cache size = 5 [CONTEXT service_id=132 ]
09-02 10:15:49.438 11335 11363 W .example.hinva: Accessing hidden method Landroid/view/ViewConfiguration;->getDoubleTapMinTime()I (greylist, reflection, allowed)
09-02 10:15:49.446 11335 11335 W .example.hinva: Accessing hidden method Landroid/os/MessageQueue;->next()Landroid/os/Message; (greylist, reflection, allowed)
09-02 10:15:49.446 11335 11335 W .example.hinva: Accessing hidden field Landroid/os/MessageQueue;->mMessages:Landroid/os/Message; (greylist, reflection, allowed)
09-02 10:15:49.446 11335 11335 W .example.hinva: Accessing hidden method Landroid/os/Message;->recycleUnchecked()V (greylist, reflection, allowed)
09-02 10:15:49.450 11335 11335 W RootViewPicker: No activity currently resumed - waiting: 10ms for one to appear.
09-02 10:15:49.454 10949 11419 V FA-SVC  : Logging event: origin=auto,name=screen_view(_vs),params=Bundle[{ga_event_origin(_o)=auto, ga_screen_class(_sc)=MainActivity, ga_screen_id(_si)=-6068720522424976482}]
09-02 10:15:49.460 10949 11419 V FA-SVC  : Upload scheduled in approximately ms: 2890848
09-02 10:15:49.460 10949 11419 V FA-SVC  : Unscheduling upload
09-02 10:15:49.461 11335 11335 W RootViewPicker: No activity currently resumed - waiting: 50ms for one to appear.
09-02 10:15:49.462 11380 11380 E cr_ResourceBundle: Error while loading asset assets/stored-locales/en-US.pak: java.io.FileNotFoundException: assets/stored-locales/en-US.pak
09-02 10:15:49.462 11380 11380 E cr_ResourceBundle: java.io.FileNotFoundException: assets/stored-locales/en-US.pak
09-02 10:15:49.462 11380 11380 E cr_ResourceBundle: 	at android.content.res.AssetManager.nativeOpenNonAssetFd(Native Method)
09-02 10:15:49.462 11380 11380 E cr_ResourceBundle: 	at android.content.res.AssetManager.openNonAssetFd(AssetManager.java:1031)
09-02 10:15:49.462 11380 11380 E cr_ResourceBundle: 	at android.content.res.AssetManager.openNonAssetFd(AssetManager.java:1012)
09-02 10:15:49.462 11380 11380 E cr_ResourceBundle: 	at org.chromium.ui.base.ResourceBundle.getLocalePakResourcePath(chromium-TrichromeChromeGoogle.aab-stable-410410681:10)
09-02 10:15:49.462 11380 11380 E cr_ResourceBundle: 	at J.N.M1Y_XVCN(Native Method)
09-02 10:15:49.462 11380 11380 E cr_ResourceBundle: 	at org.chromium.content.browser.BrowserStartupControllerImpl.b(chromium-TrichromeChromeGoogle.aab-stable-410410681:2)
09-02 10:15:49.462 11380 11380 E cr_ResourceBundle: 	at Vx2.run(chromium-TrichromeChromeGoogle.aab-stable-410410681:6)
09-02 10:15:49.462 11380 11380 E cr_ResourceBundle: 	at Yx2.run(chromium-TrichromeChromeGoogle.aab-stable-410410681:8)
09-02 10:15:49.462 11380 11380 E cr_ResourceBundle: 	at go0.g(chromium-TrichromeChromeGoogle.aab-stable-410410681:11)
09-02 10:15:49.462 11380 11380 E cr_ResourceBundle: 	at eo0.run(Unknown Source:2)
09-02 10:15:49.462 11380 11380 E cr_ResourceBundle: 	at android.os.Handler.handleCallback(Handler.java:938)
09-02 10:15:49.462 11380 11380 E cr_ResourceBundle: 	at android.os.Handler.dispatchMessage(Handler.java:99)
09-02 10:15:49.462 11380 11380 E cr_ResourceBundle: 	at android.os.Looper.loop(Looper.java:223)
09-02 10:15:49.462 11380 11380 E cr_ResourceBundle: 	at android.app.ActivityThread.main(ActivityThread.java:7656)
09-02 10:15:49.462 11380 11380 E cr_ResourceBundle: 	at java.lang.reflect.Method.invoke(Native Method)
09-02 10:15:49.462 11380 11380 E cr_ResourceBundle: 	at com.android.internal.os.RuntimeInit$MethodAndArgsCaller.run(RuntimeInit.java:592)
09-02 10:15:49.462 11380 11380 E cr_ResourceBundle: 	at com.android.internal.os.ZygoteInit.main(ZygoteInit.java:947)
09-02 10:15:49.466 10949 11419 V FA-SVC  : Scheduling upload, millis: 2890848
09-02 10:15:49.467 10949 11419 V FA-SVC  : Background event processing time, ms: 13
09-02 10:15:49.470 11380 11380 I TetheringManager: registerTetheringEventCallback:com.android.chrome
09-02 10:15:49.475   517   562 I AppZygote: Starting application preload.
09-02 10:15:49.476 11422 11422 I AppZygoteInit: Beginning application preload for com.android.chrome
09-02 10:15:49.477 11422 11422 I d.chrome_zygot: The ClassLoaderContext is a special shared library.
09-02 10:15:49.478 11422 11422 D nativeloader: classloader namespace configured for unbundled product apk. library_path=/product/app/Chrome/lib/x86:/product/app/Chrome/Chrome.apk!/lib/x86:/product/app/TrichromeLibrary/TrichromeLibrary.apk!/lib/x86:/product/lib:/system/product/lib
09-02 10:15:49.478 11422 11422 I d.chrome_zygot: The ClassLoaderContext is a special shared library.
09-02 10:15:49.479 11422 11422 D nativeloader: classloader namespace configured for unbundled product apk. library_path=/product/app/Chrome/lib/x86:/product/app/Chrome/Chrome.apk!/lib/x86:/product/app/TrichromeLibrary/TrichromeLibrary.apk!/lib/x86:/product/lib:/system/product/lib
09-02 10:15:49.485 10949 11419 V FA-SVC  : Saving default event parameters, appId, data size: com.example.hinvas, 2
09-02 10:15:49.485 11422 11422 I AppZygoteInit: Application preload done
09-02 10:15:49.486   517   562 I AppZygote: Application preload done.
09-02 10:15:49.496 11422 11422 D Zygote  : Forked child process 11437
09-02 10:15:49.499 11437 11437 W ocessService0:: Unexpected CPU variant for X86 using defaults: x86
09-02 10:15:49.506 11437 11437 E ocessService0:: Not starting debugger since process cannot load the jdwp agent.
09-02 10:15:49.512 11335 11335 W RootViewPicker: No activity currently resumed - waiting: 100ms for one to appear.
09-02 10:15:49.512   294   294 D Zygote  : Forked child process 11461
09-02 10:15:49.522 11461 11461 W ileged_process: Unexpected CPU variant for X86 using defaults: x86
09-02 10:15:49.528 11437 11437 I LoadedApk: No resource references to update in package com.android.chrome.autofill_assistant
09-02 10:15:49.529 11437 11437 I LoadedApk: No resource references to update in package com.android.chrome.chime
09-02 10:15:49.529 11437 11437 I LoadedApk: No resource references to update in package com.android.chrome.test_dummy
09-02 10:15:49.529 11437 11437 D NetworkSecurityConfig: Using Network Security Config from resource network_security_config debugBuild: false
09-02 10:15:49.529 11461 11461 E ileged_process: Not starting debugger since process cannot load the jdwp agent.
09-02 10:15:49.530 11437 11437 D NetworkSecurityConfig: Using Network Security Config from resource network_security_config debugBuild: false
09-02 10:15:49.535 11437 11437 I cr_ChildProcessService: Creating new ChildProcessService pid=11437
09-02 10:15:49.554 11461 11461 I ileged_process: The ClassLoaderContext is a special shared library.
09-02 10:15:49.555 11461 11461 D nativeloader: classloader namespace configured for unbundled product apk. library_path=/product/app/Chrome/lib/x86:/product/app/Chrome/Chrome.apk!/lib/x86:/product/app/TrichromeLibrary/TrichromeLibrary.apk!/lib/x86:/product/lib:/system/product/lib
09-02 10:15:49.556 11461 11461 I ileged_process: The ClassLoaderContext is a special shared library.
09-02 10:15:49.557 11461 11461 D nativeloader: classloader namespace configured for unbundled product apk. library_path=/product/app/Chrome/lib/x86:/product/app/Chrome/Chrome.apk!/lib/x86:/product/app/TrichromeLibrary/TrichromeLibrary.apk!/lib/x86:/product/lib:/system/product/lib
09-02 10:15:49.563 10949 10949 D BoundBrokerSvc: onBind: Intent { act=com.google.android.gms.auth.key.retrieval.service.START dat=chimera-action:com.google.android.gms.auth.key.retrieval.service.START cmp=com.google.android.gms/.chimera.GmsApiService }
09-02 10:15:49.563 10949 10949 D BoundBrokerSvc: Loading bound service for intent: Intent { act=com.google.android.gms.auth.key.retrieval.service.START dat=chimera-action:com.google.android.gms.auth.key.retrieval.service.START cmp=com.google.android.gms/.chimera.GmsApiService }
09-02 10:15:49.578 11461 11461 I LoadedApk: No resource references to update in package com.android.chrome.autofill_assistant
09-02 10:15:49.578 11461 11461 I LoadedApk: No resource references to update in package com.android.chrome.chime
09-02 10:15:49.578 11461 11461 I LoadedApk: No resource references to update in package com.android.chrome.test_dummy
09-02 10:15:49.579 11461 11461 D NetworkSecurityConfig: Using Network Security Config from resource network_security_config debugBuild: false
09-02 10:15:49.579 11461 11461 D NetworkSecurityConfig: Using Network Security Config from resource network_security_config debugBuild: false
09-02 10:15:49.585 11461 11461 I cr_ChildProcessService: Creating new ChildProcessService pid=11461
09-02 10:15:49.584  7478  7495 I FontLog : Received query Noto Color Emoji Compat, URI content://com.google.android.gms.fonts [CONTEXT service_id=132 ]
09-02 10:15:49.585  7478  7495 I FontLog : Query [emojicompat-emoji-font] resolved to {Noto Color Emoji Compat, wdth 100.0, wght 400, ital 0.0, bestEffort false} [CONTEXT service_id=132 ]
09-02 10:15:49.588  7478  7495 I FontLog : Fetch {Noto Color Emoji Compat, wdth 100.0, wght 400, ital 0.0, bestEffort false} end status Status{statusCode=SUCCESS, resolution=null} [CONTEXT service_id=132 ]
09-02 10:15:49.594   517   671 D UntrustedWifiNetworkFactory: got request NetworkRequest [ TRACK_DEFAULT id=109, [ Capabilities: INTERNET&NOT_RESTRICTED&TRUSTED Uid: 10116 AdministratorUids: [] RequestorUid: 10116 RequestorPackageName: com.android.chrome] ] with score 60 and providerId 3
09-02 10:15:49.594  1071  1071 D PhoneSwitcherNetworkRequstListener: got request NetworkRequest [ TRACK_DEFAULT id=109, [ Capabilities: INTERNET&NOT_RESTRICTED&TRUSTED Uid: 10116 AdministratorUids: [] RequestorUid: 10116 RequestorPackageName: com.android.chrome] ] with score 60 and providerId 3
09-02 10:15:49.595   517   671 D WifiNetworkFactory: got request NetworkRequest [ TRACK_DEFAULT id=109, [ Capabilities: INTERNET&NOT_RESTRICTED&TRUSTED Uid: 10116 AdministratorUids: [] RequestorUid: 10116 RequestorPackageName: com.android.chrome] ] with score 60 and providerId 3
09-02 10:15:49.595  7478  7495 I FontLog : Pulling font file for id = 28, cache size = 6 [CONTEXT service_id=132 ]
09-02 10:15:49.599  1071  1071 D Telephony: isEmergencyPreferredAccount: subId=1, activeData=1
09-02 10:15:49.599  1071  1071 D Telephony: isEmergencyPreferredAccount: Device does not require preference.
09-02 10:15:49.599  7478  7495 I FontLog : Pulling font file for id = 28, cache size = 6 [CONTEXT service_id=132 ]
09-02 10:15:49.600 11461 11484 I cr_Linker: Using linker: org.chromium.base.library_loader.ModernLinker
09-02 10:15:49.601 11380 11380 W cr_KnoxSettingsProvider: Permission to read device policy denied.
09-02 10:15:49.603 11461 11488 I cr_LibraryLoader: Loading monochrome
09-02 10:15:49.615 11335 11335 W RootViewPicker: No activity currently resumed - waiting: 500ms for one to appear.
09-02 10:15:49.626   740   740 V KeyguardUpdateMonitor: onSubscriptionInfoChanged()
09-02 10:15:49.628 11461 11488 I cr_LibraryLoader: Loaded native library version number "83.0.4103.106"
09-02 10:15:49.628   517   671 D UntrustedWifiNetworkFactory: got request NetworkRequest [ TRACK_DEFAULT id=111, [ Capabilities: INTERNET&NOT_RESTRICTED&TRUSTED Uid: 10116 AdministratorUids: [] RequestorUid: 10116 RequestorPackageName: com.android.chrome] ] with score 60 and providerId 3
09-02 10:15:49.628   517   671 D WifiNetworkFactory: got request NetworkRequest [ TRACK_DEFAULT id=111, [ Capabilities: INTERNET&NOT_RESTRICTED&TRUSTED Uid: 10116 AdministratorUids: [] RequestorUid: 10116 RequestorPackageName: com.android.chrome] ] with score 60 and providerId 3
09-02 10:15:49.629  1071  1071 D PhoneSwitcherNetworkRequstListener: got request NetworkRequest [ TRACK_DEFAULT id=111, [ Capabilities: INTERNET&NOT_RESTRICTED&TRUSTED Uid: 10116 AdministratorUids: [] RequestorUid: 10116 RequestorPackageName: com.android.chrome] ] with score 60 and providerId 3
09-02 10:15:49.629   740   740 V KeyguardUpdateMonitor: SubInfo:{id=1 iccId=890141032[****] simSlotIndex=0 carrierId=1 displayName=T-Mobile carrierName=T-Mobile nameSource=3 iconTint=-16746133 number=[****] dataRoaming=0 iconBitmap=android.graphics.Bitmap@f568d66 mcc=310 mnc=260 countryIso=us isEmbedded=false nativeAccessRules=null cardString=890141032[****] cardId=-1 isOpportunistic=false groupUUID=null isGroupDisabled=false profileClass=-1 ehplmns=null hplmns=null subscriptionType=0 groupOwner=null carrierConfigAccessRules=null areUiccApplicationsEnabled=true}
09-02 10:15:49.630 11461 11488 I cr_CachingUmaRecorder: Flushed 1 samples from 1 histograms.
09-02 10:15:49.635   740   740 V KeyguardUpdateMonitor: onSubscriptionInfoChanged()
09-02 10:15:49.635  1071  1071 D Telephony: isEmergencyPreferredAccount: subId=1, activeData=1
09-02 10:15:49.635  1071  1071 D Telephony: isEmergencyPreferredAccount: Device does not require preference.
09-02 10:15:49.638   740   740 V KeyguardUpdateMonitor: SubInfo:{id=1 iccId=890141032[****] simSlotIndex=0 carrierId=1 displayName=T-Mobile carrierName=T-Mobile nameSource=3 iconTint=-16746133 number=[****] dataRoaming=0 iconBitmap=android.graphics.Bitmap@9d378a7 mcc=310 mnc=260 countryIso=us isEmbedded=false nativeAccessRules=null cardString=890141032[****] cardId=-1 isOpportunistic=false groupUUID=null isGroupDisabled=false profileClass=-1 ehplmns=null hplmns=null subscriptionType=0 groupOwner=null carrierConfigAccessRules=null areUiccApplicationsEnabled=true}
09-02 10:15:49.646 11461 11488 D libEGL  : loaded /vendor/lib/egl/libEGL_emulation.so
09-02 10:15:49.652 11461 11488 D libEGL  : loaded /vendor/lib/egl/libGLESv1_CM_emulation.so
09-02 10:15:49.653 11461 11488 D libEGL  : loaded /vendor/lib/egl/libGLESv2_emulation.so
09-02 10:15:49.678 11461 11488 D HostConnection: HostConnection::get() New Host Connection established 0xe8042850, tid 11488
09-02 10:15:49.680 11461 11488 D HostConnection: HostComposition ext ANDROID_EMU_CHECKSUM_HELPER_v1 ANDROID_EMU_native_sync_v2 ANDROID_EMU_native_sync_v3 ANDROID_EMU_native_sync_v4 ANDROID_EMU_dma_v1 ANDROID_EMU_direct_mem ANDROID_EMU_host_composition_v1 ANDROID_EMU_host_composition_v2 ANDROID_EMU_vulkan ANDROID_EMU_deferred_vulkan_commands ANDROID_EMU_vulkan_null_optional_strings ANDROID_EMU_vulkan_create_resources_with_requirements ANDROID_EMU_YUV_Cache ANDROID_EMU_vulkan_ignored_handles ANDROID_EMU_has_shared_slots_host_memory_allocator ANDROID_EMU_vulkan_free_memory_sync ANDROID_EMU_vulkan_shader_float16_int8 ANDROID_EMU_vulkan_async_queue_submit ANDROID_EMU_sync_buffer_data ANDROID_EMU_read_color_buffer_dma GL_OES_vertex_array_object GL_KHR_texture_compression_astc_ldr ANDROID_EMU_host_side_tracing ANDROID_EMU_gles_max_version_2
09-02 10:15:49.681   172   172 I hwservicemanager: getTransport: Cannot find entry android.hardware.configstore@1.0::ISurfaceFlingerConfigs/default in either framework or device manifest.
09-02 10:15:49.682 11461 11488 E chromium: [ERROR:gl_surface_egl.cc(549)] eglChooseConfig failed with error EGL_SUCCESS
09-02 10:15:49.704 11461 11488 D EGL_emulation: eglCreateContext: 0xe8042770: maj 2 min 0 rcv 2
09-02 10:15:49.705 11461 11488 D EGL_emulation: eglMakeCurrent: 0xe8042770: ver 2 0 (tinfo 0xe83b02b0) (first time)
09-02 10:15:49.717 11461 11488 E chromium: [ERROR:gl_surface_egl.cc(549)] eglChooseConfig failed with error EGL_SUCCESS
09-02 10:15:49.752 11461 11488 I VideoCapabilities: Unsupported profile 4 for video/mp4v-es
09-02 10:15:49.753 11461 11488 W cr_MediaCodecUtil: HW encoder for video/avc is not available on this device.
09-02 10:15:49.859   517  6657 D HostConnection: HostConnection::get() New Host Connection established 0xaaac1890, tid 6657
