09-02 10:15:57.729 11081 11302 V Inbound : axpw[SfxA=true/De=CLOSED/Msg=false/Lis=true].deliver DONE (1 deliveries)
09-02 10:15:57.862   403   403 I perfetto: probes_producer.cc:329  Producer stop (id=37)
09-02 10:15:57.864   407   407 I perfetto: ng_service_impl.cc:1948 Tracing session 37 ended, total sessions:0
09-02 10:15:57.864   403   403 I perfetto: ftrace_procfs.cc:183    disabled ftrace
09-02 10:15:57.886 11335 11374 V FA      : Inactivity, disconnecting from the service
09-02 10:15:57.974  1322  1395 I PeriodicStatsRunner: PeriodicStatsRunner.call():180 call()
09-02 10:15:57.974  1322  1395 I PeriodicStatsRunner: PeriodicStatsRunner.call():184 No submit PeriodicStats since input started.
09-02 10:16:02.443 10949 10949 D BoundBrokerSvc: onUnbind: Intent { act=com.google.android.gms.feedback.internal.IFeedbackService dat=chimera-action:com.google.android.gms.feedback.internal.IFeedbackService cmp=com.google.android.gms/.chimera.GmsBoundBrokerService }
09-02 10:16:02.895 10949 10949 D BoundBrokerSvc: onUnbind: Intent { act=com.google.android.gms.measurement.START pkg=com.google.android.gms }
09-02 10:16:03.342  7624  7706 I WorkerManager: dispose()
09-02 10:16:03.342  7624  7706 W ThreadPoolDumper: Queue length for executor EventBus is now 11. Perhaps some tasks are too long, or the pool is too small.
09-02 10:16:07.771 11081 11109 I android.vendin: oneway function results will be dropped but finished with status UNKNOWN_TRANSACTION and parcel size 0
09-02 10:16:07.771 11081 11081 V LifecycleAwareServiceBi: notify unbound
09-02 10:16:07.771 11081 11081 V LifecycleAwareServiceBi: com.google.common.flogger.LogSiteStackTrace: MEDIUM
09-02 10:16:07.771 11081 11081 V LifecycleAwareServiceBi: 	at com.google.frameworks.client.data.android.binder.LifecycleAwareServiceBinding.h(PG:1)
09-02 10:16:07.771 11081 11081 V LifecycleAwareServiceBi: 	at axqg.run(Unknown Source:4)
09-02 10:16:07.771 11081 11081 V LifecycleAwareServiceBi: 	at android.os.Handler.handleCallback(Handler.java:938)
09-02 10:16:07.771 11081 11081 V LifecycleAwareServiceBi: 	at android.os.Handler.dispatchMessage(Handler.java:99)
09-02 10:16:07.771 11081 11081 V LifecycleAwareServiceBi: 	at android.os.Looper.loop(Looper.java:223)
09-02 10:16:07.771 11081 11081 V LifecycleAwareServiceBi: 	at android.app.ActivityThread.main(ActivityThread.java:7656)
09-02 10:16:07.771 11081 11081 V LifecycleAwareServiceBi: 	at java.lang.reflect.Method.invoke(Native Method)
09-02 10:16:07.771 11081 11081 V LifecycleAwareServiceBi: 	at com.android.internal.os.RuntimeInit$MethodAndArgsCaller.run(RuntimeInit.java:592)
09-02 10:16:07.771 11081 11081 V LifecycleAwareServiceBi: 	at com.android.internal.os.ZygoteInit.main(ZygoteInit.java:947)
09-02 10:16:07.771 11081 11081 V LifecycleAwareServiceBi: notify unbound - notifying
09-02 10:16:07.773 11247 11247 I Finsky:download_service: [2] sxn.onDestroy(8): IPC-SERVER: Stopping gRPC host service...
09-02 10:16:07.837   212   215 E android.system.suspend@1.0-service: Error opening kernel wakelock stats for: wakeup34: Permission denied
09-02 10:16:07.840   212   215 E android.system.suspend@1.0-service: Error opening kernel wakelock stats for: wakeup35: Permission denied
09-02 10:16:07.832   212   212 W Binder:212_2: type=1400 audit(0.0:360): avc: denied { read } for name="wakeup34" dev="sysfs" ino=18754 scontext=u:r:system_suspend:s0 tcontext=u:object_r:sysfs:s0 tclass=dir permissive=0
09-02 10:16:22.140 11335 11335 W .example.hinva: Accessing hidden method Landroid/view/WindowManagerGlobal;->getInstance()Landroid/view/WindowManagerGlobal; (greylist, reflection, allowed)
09-02 10:16:22.140 11335 11335 W .example.hinva: Accessing hidden field Landroid/view/WindowManagerGlobal;->mViews:Ljava/util/ArrayList; (greylist, reflection, allowed)
09-02 10:16:22.140 11335 11335 W .example.hinva: Accessing hidden field Landroid/view/WindowManagerGlobal;->mParams:Ljava/util/ArrayList; (greylist, reflection, allowed)
09-02 10:16:22.146 11335 11335 I ViewInteraction: Performing 'single click' action on view view.getId() is <2131231247/com.example.hinvas:id/youtubeAPI_test_btn>
09-02 10:16:22.211   517  2628 I system_server: oneway function results will be dropped but finished with status OK and parcel size 4
09-02 10:16:22.211   517  2628 I system_server: oneway function results will be dropped but finished with status OK and parcel size 4
09-02 10:16:22.224 11335 11528 D URL     : url=https://www.googleapis.com/youtube/v3/videos?id=JWATIzvdN3k&key=AIzaSyBXdX4BdeprET5FnUnh5DTHAcXSaoqP_cU&part=snippet
09-02 10:16:22.310 11335 11528 D Result  : API_URL=https://www.googleapis.com/youtube/v3/videos?id=JWATIzvdN3k&key=AIzaSyBXdX4BdeprET5FnUnh5DTHAcXSaoqP_cU&part=snippet
09-02 10:16:22.348   517  1191 I system_server: oneway function results will be dropped but finished with status OK and parcel size 4
09-02 10:16:22.365   212   215 E android.system.suspend@1.0-service: Error opening kernel wakelock stats for: wakeup34: Permission denied
09-02 10:16:22.368   212   215 E android.system.suspend@1.0-service: Error opening kernel wakelock stats for: wakeup35: Permission denied
09-02 10:16:22.360   212   212 W Binder:212_2: type=1400 audit(0.0:362): avc: denied { read } for name="wakeup34" dev="sysfs" ino=18754 scontext=u:r:system_suspend:s0 tcontext=u:object_r:sysfs:s0 tclass=dir permissive=0
09-02 10:16:22.364   212   212 W Binder:212_2: type=1400 audit(0.0:363): avc: denied { read } for name="wakeup35" dev="sysfs" ino=18817 scontext=u:r:system_suspend:s0 tcontext=u:object_r:sysfs:s0 tclass=dir permissive=0
09-02 10:16:22.613 11335 11528 D Result  : response=Response{protocol=h2, code=200, message=, url=https://www.googleapis.com/youtube/v3/videos?id=JWATIzvdN3k&key=AIzaSyBXdX4BdeprET5FnUnh5DTHAcXSaoqP_cU&part=snippet}
09-02 10:16:22.618 11335 11528 D Result  : jsonStr={
09-02 10:16:22.618 11335 11528 D Result  :   "kind": "youtube#videoListResponse",
09-02 10:16:22.618 11335 11528 D Result  :   "etag": "osVmBBCfRksWgu7tiETnoO_sx7Q",
09-02 10:16:22.618 11335 11528 D Result  :   "items": [
09-02 10:16:22.618 11335 11528 D Result  :     {
09-02 10:16:22.618 11335 11528 D Result  :       "kind": "youtube#video",
09-02 10:16:22.618 11335 11528 D Result  :       "etag": "Qsqqmp33as2iMYSjW_1vTlAs4Io",
09-02 10:16:22.618 11335 11528 D Result  :       "id": "JWATIzvdN3k",
09-02 10:16:22.618 11335 11528 D Result  :       "snippet": {
09-02 10:16:22.618 11335 11528 D Result  :         "publishedAt": "2016-12-05T00:37:45Z",
09-02 10:16:22.618 11335 11528 D Result  :         "channelId": "UCIzWKGAxX6pv3PAIVD7mIlA",
09-02 10:16:22.618 11335 11528 D Result  :         "title": "  LAST GAME",
09-02 10:16:22.618 11335 11528 D Result  :         "description": "  LAST GAME\n2017318()\n\nhttp://kurobas-lg.com/\n\n(C) ",
09-02 10:16:22.618 11335 11528 D Result  :         "thumbnails": {
09-02 10:16:22.618 11335 11528 D Result  :           "default": {
09-02 10:16:22.618 11335 11528 D Result  :             "url": "https://i.ytimg.com/vi/JWATIzvdN3k/default.jpg",
09-02 10:16:22.618 11335 11528 D Result  :             "width": 120,
09-02 10:16:22.618 11335 11528 D Result  :             "height": 90
09-02 10:16:22.618 11335 11528 D Result  :           },
09-02 10:16:22.618 11335 11528 D Result  :           "medium": {
09-02 10:16:22.618 11335 11528 D Result  :             "url": "https://i.ytimg.com/vi/JWATIzvdN3k/mqdefault.jpg",
09-02 10:16:22.618 11335 11528 D Result  :             "width": 320,
09-02 10:16:22.618 11335 11528 D Result  :             "height": 180
09-02 10:16:22.618 11335 11528 D Result  :           },
09-02 10:16:22.618 11335 11528 D Result  :           "high": {
09-02 10:16:22.618 11335 11528 D Result  :             "url": "https://i.ytimg.com/vi/JWATIzvdN3k/hqdefault.jpg",
09-02 10:16:22.618 11335 11528 D Result  :             "width": 480,
09-02 10:16:22.618 11335 11528 D Result  :             "height": 360
09-02 10:16:22.618 11335 11528 D Result  :           },
09-02 10:16:22.618 11335 11528 D Result  :           "standard": {
09-02 10:16:22.618 11335 11528 D Result  :             "url": "https://i.ytimg.com/vi/JWATIzvdN3k/sddefault.jpg",
09-02 10:16:22.618 11335 11528 D Result  :             "width": 640,
09-02 10:16:22.618 11335 11528 D Result  :             "height": 480
09-02 10:16:22.618 11335 11528 D Result  :           },
09-02 10:16:22.618 11335 11528 D Result  :           "maxres": {
09-02 10:16:22.618 11335 11528 D Result  :             "url": "https://i.ytimg.com/vi/JWATIzvdN3k/maxresdefault.jpg",
09-02 10:16:22.618 11335 11528 D Result  :             "width": 1280,
09-02 10:16:22.618 11335 11528 D Result  :             "height": 720
09-02 10:16:22.618 11335 11528 D Result  :           }
09-02 10:16:22.618 11335 11528 D Result  :         },
09-02 10:16:22.618 11335 11528 D Result  :         "channelTitle": "kurobasanime",
09-02 10:16:22.618 11335 11528 D Result  :         "categoryId": "1",
09-02 10:16:22.618 11335 11528 D Result  :         "liveBroadcastContent": "none",
09-02 10:16:22.618 11335 11528 D Result  :         "localized": {
09-02 10:16:22.618 11335 11528 D Result  :           "title": "  LAST GAME",
09-02 10:16:22.618 11335 11528 D Result  :           "description": "  LAST GAME\n2017318()\n\nhttp://kurobas-lg.com/\n\n(C) "
09-02 10:16:22.618 11335 11528 D Result  :         },
09-02 10:16:22.618 11335 11528 D Result  :         "defaultAudioLanguage": "ja"
09-02 10:16:22.618 11335 11528 D Result  :       }
09-02 10:16:22.618 11335 11528 D Result  :     }
09-02 10:16:22.618 11335 11528 D Result  :   ],
09-02 10:16:22.618 11335 11528 D Result  :   "pageInfo": {
09-02 10:16:22.618 11335 11528 D Result  :     "totalResults": 1,
09-02 10:16:22.618 11335 11528 D Result  :     "resultsPerPage": 1
09-02 10:16:22.618 11335 11528 D Result  :   }
09-02 10:16:22.618 11335 11528 D Result  : }
09-02 10:16:22.619 11335 11528 D Result  : video=YoutubeVideo(VideoId=JWATIzvdN3k, title=  LAST GAME, description=  LAST GAME
09-02 10:16:22.619 11335 11528 D Result  : 2017318()
09-02 10:16:22.619 11335 11528 D Result  :
09-02 10:16:22.619 11335 11528 D Result  : http://kurobas-lg.com/
09-02 10:16:22.619 11335 11528 D Result  :
09-02 10:16:22.619 11335 11528 D Result  : (C) , publishedAt=2016-12-05T00:37:45Z, channelId=UCIzWKGAxX6pv3PAIVD7mIlA, channelName=kurobasanime)
09-02 10:16:22.619 11335 11528 D dataclass: YoutubeVideo(VideoId=JWATIzvdN3k, title=  LAST GAME, description=  LAST GAME
09-02 10:16:22.619 11335 11528 D dataclass: 2017318()
09-02 10:16:22.619 11335 11528 D dataclass:
09-02 10:16:22.619 11335 11528 D dataclass: http://kurobas-lg.com/
09-02 10:16:22.619 11335 11528 D dataclass:
09-02 10:16:22.619 11335 11528 D dataclass: (C) , publishedAt=2016-12-05T00:37:45Z, channelId=UCIzWKGAxX6pv3PAIVD7mIlA, channelName=kurobasanime)
09-02 10:16:22.619 11335 11528 D Result  : video.title=  LAST GAME
09-02 10:16:22.863 11335 11335 I ViewInteraction: Checking 'MatchesViewAssertion{viewMatcher=an instance of android.widget.TextView and view.getText() with or without transformation to match: is ""}' assertion on view view.getId() is <2131231091/com.example.hinvas:id/result_txt>
09-02 10:16:22.871   310   377 D goldfish-address-space: claimShared: Ask to claim region [0x3f0f01000 0x3f14dc000]
09-02 10:16:22.878 11335 11335 W .example.hinva: Accessing hidden field Landroid/app/Activity;->mResultCode:I (greylist, reflection, allowed)
09-02 10:16:22.878 11335 11335 W .example.hinva: Accessing hidden field Landroid/app/Activity;->mResultData:Landroid/content/Intent; (greylist, reflection, allowed)
09-02 10:16:22.880   517  6657 D HostConnection: HostConnection::get() New Host Connection established 0xaaac1890, tid 6657
09-02 10:16:22.882   517  6657 D HostConnection: HostComposition ext ANDROID_EMU_CHECKSUM_HELPER_v1 ANDROID_EMU_native_sync_v2 ANDROID_EMU_native_sync_v3 ANDROID_EMU_native_sync_v4 ANDROID_EMU_dma_v1 ANDROID_EMU_direct_mem ANDROID_EMU_host_composition_v1 ANDROID_EMU_host_composition_v2 ANDROID_EMU_vulkan ANDROID_EMU_deferred_vulkan_commands ANDROID_EMU_vulkan_null_optional_strings ANDROID_EMU_vulkan_create_resources_with_requirements ANDROID_EMU_YUV_Cache ANDROID_EMU_vulkan_ignored_handles ANDROID_EMU_has_shared_slots_host_memory_allocator ANDROID_EMU_vulkan_free_memory_sync ANDROID_EMU_vulkan_shader_float16_int8 ANDROID_EMU_vulkan_async_queue_submit ANDROID_EMU_sync_buffer_data ANDROID_EMU_read_color_buffer_dma GL_OES_vertex_array_object GL_KHR_texture_compression_astc_ldr ANDROID_EMU_host_side_tracing ANDROID_EMU_gles_max_version_2
09-02 10:16:22.882   517  6657 W OpenGLRenderer: Failed to choose config with EGL_SWAP_BEHAVIOR_PRESERVED, retrying without...
09-02 10:16:22.885 11335 11335 D LifecycleMonitor: Lifecycle status change: com.example.hinvas.MainActivity@cd311f in: PAUSED
09-02 10:16:22.888   517  2628 W InputReader: Device virtio_input_multi_touch_10 is associated with display ADISPLAY_ID_NONE.
09-02 10:16:22.888   517  2628 W InputReader: Device virtio_input_multi_touch_9 is associated with display ADISPLAY_ID_NONE.
09-02 10:16:22.888   517  2628 W InputReader: Device virtio_input_multi_touch_4 is associated with display ADISPLAY_ID_NONE.
09-02 10:16:22.888   517  2628 W InputReader: Device virtio_input_multi_touch_7 is associated with display ADISPLAY_ID_NONE.
09-02 10:16:22.888   517  2628 W InputReader: Device virtio_input_multi_touch_11 is associated with display ADISPLAY_ID_NONE.
09-02 10:16:22.888 11335 11374 V FA      : Recording user engagement, ms: 30008
09-02 10:16:22.888   517  2628 W InputReader: Device virtio_input_multi_touch_6 is associated with display ADISPLAY_ID_NONE.
09-02 10:16:22.888   517  2628 W InputReader: Device virtio_input_multi_touch_5 is associated with display ADISPLAY_ID_NONE.
09-02 10:16:22.888   517  2628 W InputReader: Device virtio_input_multi_touch_3 is associated with display ADISPLAY_ID_NONE.
09-02 10:16:22.888   517  2628 W InputReader: Device virtio_input_multi_touch_2 is associated with display ADISPLAY_ID_NONE.
09-02 10:16:22.888   517  2628 W InputReader: Device virtio_input_multi_touch_8 is associated with display ADISPLAY_ID_NONE.
09-02 10:16:22.888   517  2628 W InputReader: Device virtio_input_multi_touch_10 is associated with display ADISPLAY_ID_NONE.
09-02 10:16:22.888   517  2628 W InputReader: Device virtio_input_multi_touch_9 is associated with display ADISPLAY_ID_NONE.
09-02 10:16:22.888   517  2628 W InputReader: Device virtio_input_multi_touch_4 is associated with display ADISPLAY_ID_NONE.
09-02 10:16:22.888   517  2628 W InputReader: Device virtio_input_multi_touch_7 is associated with display ADISPLAY_ID_NONE.
09-02 10:16:22.888   517  2628 W InputReader: Device virtio_input_multi_touch_11 is associated with display ADISPLAY_ID_NONE.
09-02 10:16:22.888   517  2628 W InputReader: Device virtio_input_multi_touch_6 is associated with display ADISPLAY_ID_NONE.
09-02 10:16:22.888   517  2628 W InputReader: Device virtio_input_multi_touch_5 is associated with display ADISPLAY_ID_NONE.
09-02 10:16:22.888   517  2628 W InputReader: Device virtio_input_multi_touch_3 is associated with display ADISPLAY_ID_NONE.
09-02 10:16:22.888   517  2628 W InputReader: Device virtio_input_multi_touch_2 is associated with display ADISPLAY_ID_NONE.
09-02 10:16:22.888   517  2628 W InputReader: Device virtio_input_multi_touch_8 is associated with display ADISPLAY_ID_NONE.
09-02 10:16:22.889   517  6657 D EGL_emulation: eglCreateContext: 0xaaacdf30: maj 2 min 0 rcv 2
09-02 10:16:22.897 11335 11363 E TestRunner: failed: Test_Youtube(com.example.hinvas.MainActivityTest)
09-02 10:16:22.897 11335 11363 E TestRunner: ----- begin exception -----
09-02 10:16:22.898 11335 11363 E TestRunner: androidx.test.espresso.base.DefaultFailureHandler$AssertionFailedWithCauseError: 'an instance of android.widget.TextView and view.getText() with or without transformation to match: is ""' doesn't match the selected view.
09-02 10:16:22.898 11335 11363 E TestRunner: Expected: an instance of android.widget.TextView and view.getText() with or without transformation to match: is ""
09-02 10:16:22.898 11335 11363 E TestRunner:      Got: view.getText() was "  LAST GAME" transformed text was "  LAST GAME"
09-02 10:16:22.898 11335 11363 E TestRunner: View Details: MaterialTextView{id=2131231091, res-name=result_txt, visibility=VISIBLE, width=738, height=53, has-focus=false, has-focusable=false, has-window-focus=true, is-clickable=false, is-enabled=true, is-focused=false, is-focusable=false, is-layout-requested=false, is-selected=false, layout-params=android.widget.LinearLayout$LayoutParams@c83d616, tag=null, root-is-layout-requested=false, has-input-connection=false, x=171.0, y=275.0, text=  LAST GAME, input-type=0, ime-target=false, has-links=false}
09-02 10:16:22.898 11335 11363 E TestRunner:
09-02 10:16:22.898 11335 11363 E TestRunner: 	at dalvik.system.VMStack.getThreadStackTrace(Native Method)
09-02 10:16:22.898 11335 11363 E TestRunner: 	at java.lang.Thread.getStackTrace(Thread.java:1736)
09-02 10:16:22.898 11335 11363 E TestRunner: 	at androidx.test.espresso.base.DefaultFailureHandler.getUserFriendlyError(DefaultFailureHandler.java:12)
09-02 10:16:22.898 11335 11363 E TestRunner: 	at androidx.test.espresso.base.DefaultFailureHandler.handle(DefaultFailureHandler.java:7)
09-02 10:16:22.898 11335 11363 E TestRunner: 	at androidx.test.espresso.ViewInteraction.waitForAndHandleInteractionResults(ViewInteraction.java:5)
09-02 10:16:22.898 11335 11363 E TestRunner: 	at androidx.test.espresso.ViewInteraction.check(ViewInteraction.java:12)
09-02 10:16:22.898 11335 11363 E TestRunner: 	at com.example.hinvas.MainActivityTest.Test_Youtube(MainActivityTest.kt:35)
09-02 10:16:22.898 11335 11363 E TestRunner: 	at java.lang.reflect.Method.invoke(Native Method)
09-02 10:16:22.898 11335 11363 E TestRunner: 	at org.junit.runners.model.FrameworkMethod$1.runReflectiveCall(FrameworkMethod.java:59)
09-02 10:16:22.898 11335 11363 E TestRunner: 	at org.junit.internal.runners.model.ReflectiveCallable.run(ReflectiveCallable.java:12)
09-02 10:16:22.898 11335 11363 E TestRunner: 	at org.junit.runners.model.FrameworkMethod.invokeExplosively(FrameworkMethod.java:56)
09-02 10:16:22.898 11335 11363 E TestRunner: 	at org.junit.internal.runners.statements.InvokeMethod.evaluate(InvokeMethod.java:17)
09-02 10:16:22.898 11335 11363 E TestRunner: 	at androidx.test.rule.ActivityTestRule$ActivityStatement.evaluate(ActivityTestRule.java:549)
09-02 10:16:22.898 11335 11363 E TestRunner: 	at org.junit.runners.ParentRunner$3.evaluate(ParentRunner.java:306)
09-02 10:16:22.898 11335 11363 E TestRunner: 	at org.junit.runners.BlockJUnit4ClassRunner$1.evaluate(BlockJUnit4ClassRunner.java:100)
09-02 10:16:22.898 11335 11363 E TestRunner: 	at org.junit.runners.ParentRunner.runLeaf(ParentRunner.java:366)
09-02 10:16:22.898 11335 11363 E TestRunner: 	at org.junit.runners.BlockJUnit4ClassRunner.runChild(BlockJUnit4ClassRunner.java:103)
09-02 10:16:22.898 11335 11363 E TestRunner: 	at org.junit.runners.BlockJUnit4ClassRunner.runChild(BlockJUnit4ClassRunner.java:63)
09-02 10:16:22.898 11335 11363 E TestRunner: 	at org.junit.runners.ParentRunner$4.run(ParentRunner.java:331)
09-02 10:16:22.898 11335 11363 E TestRunner: 	at org.junit.runners.ParentRunner$1.schedule(ParentRunner.java:79)
09-02 10:16:22.898 11335 11363 E TestRunner: 	at org.junit.runners.ParentRunner.runChildren(ParentRunner.java:329)
09-02 10:16:22.898 11335 11363 E TestRunner: 	at org.junit.runners.ParentRunner.access$100(ParentRunner.java:66)
09-02 10:16:22.898 11335 11363 E TestRunner: 	at org.junit.runners.ParentRunner$2.evaluate(ParentRunner.java:293)
09-02 10:16:22.898 11335 11363 E TestRunner: 	at org.junit.runners.ParentRunner$3.evaluate(ParentRunner.java:306)
09-02 10:16:22.898 11335 11363 E TestRunner: 	at org.junit.runners.ParentRunner.run(ParentRunner.java:413)
09-02 10:16:22.898 11335 11363 E TestRunner: 	at androidx.test.runner.AndroidJUnit4.run(AndroidJUnit4.java:104)
09-02 10:16:22.898 11335 11363 E TestRunner: 	at org.junit.runners.Suite.runChild(Suite.java:128)
09-02 10:16:22.898 11335 11363 E TestRunner: 	at org.junit.runners.Suite.runChild(Suite.java:27)
09-02 10:16:22.898 11335 11363 E TestRunner: 	at org.junit.runners.ParentRunner$4.run(ParentRunner.java:331)
09-02 10:16:22.898 11335 11363 E TestRunner: 	at org.junit.runners.ParentRunner$1.schedule(ParentRunner.java:79)
09-02 10:16:22.898 11335 11363 E TestRunner: 	at org.junit.runners.ParentRunner.runChildren(ParentRunner.java:329)
09-02 10:16:22.898 11335 11363 E TestRunner: 	at org.junit.runners.ParentRunner.access$100(ParentRunner.java:66)
09-02 10:16:22.898 11335 11363 E TestRunner: 	at org.junit.runners.ParentRunner$2.evaluate(ParentRunner.java:293)
09-02 10:16:22.898 11335 11363 E TestRunner: 	at org.junit.runners.ParentRunner$3.evaluate(ParentRunner.java:306)
09-02 10:16:22.898 11335 11363 E TestRunner: 	at org.junit.runners.ParentRunner.run(ParentRunner.java:413)
09-02 10:16:22.898 11335 11363 E TestRunner: 	at org.junit.runner.JUnitCore.run(JUnitCore.java:137)
09-02 10:16:22.898 11335 11363 E TestRunner: 	at org.junit.runner.JUnitCore.run(JUnitCore.java:115)
09-02 10:16:22.898 11335 11363 E TestRunner: 	at androidx.test.internal.runner.TestExecutor.execute(TestExecutor.java:56)
09-02 10:16:22.898 11335 11363 E TestRunner: 	at androidx.test.runner.AndroidJUnitRunner.onStart(AndroidJUnitRunner.java:444)
09-02 10:16:22.898 11335 11363 E TestRunner: 	at android.app.Instrumentation$InstrumentationThread.run(Instrumentation.java:2205)
09-02 10:16:22.898 11335 11363 E TestRunner: Caused by: junit.framework.AssertionFailedError: 'an instance of android.widget.TextView and view.getText() with or without transformation to match: is ""' doesn't match the selected view.
09-02 10:16:22.898 11335 11363 E TestRunner: Expected: an instance of android.widget.TextView and view.getText() with or without transformation to match: is ""
09-02 10:16:22.898 11335 11363 E TestRunner:      Got: view.getText() was "  LAST GAME" transformed text was "  LAST GAME"
09-02 10:16:22.898 11335 11363 E TestRunner: View Details: MaterialTextView{id=2131231091, res-name=result_txt, visibility=VISIBLE, width=738, height=53, has-focus=false, has-focusable=false, has-window-focus=true, is-clickable=false, is-enabled=true, is-focused=false, is-focusable=false, is-layout-requested=false, is-selected=false, layout-params=android.widget.LinearLayout$LayoutParams@c83d616, tag=null, root-is-layout-requested=false, has-input-connection=false, x=171.0, y=275.0, text=  LAST GAME, input-type=0, ime-target=false, has-links=false}
09-02 10:16:22.898 11335 11363 E TestRunner:
09-02 10:16:22.898 11335 11363 E TestRunner: 	at androidx.test.espresso.matcher.ViewMatchers.assertThat(ViewMatchers.java:16)
09-02 10:16:22.898 11335 11363 E TestRunner: 	at androidx.test.espresso.assertion.ViewAssertions$MatchesViewAssertion.check(ViewAssertions.java:11)
09-02 10:16:22.898 11335 11363 E TestRunner: 	at androidx.test.espresso.ViewInteraction$SingleExecutionViewAssertion.check(ViewInteraction.java:2)
09-02 10:16:22.898 11335 11363 E TestRunner: 	at androidx.test.espresso.ViewInteraction$2.call(ViewInteraction.java:12)
09-02 10:16:22.898 11335 11363 E TestRunner: 	at androidx.test.espresso.ViewInteraction$2.call(ViewInteraction.java:1)
09-02 10:16:22.898 11335 11363 E TestRunner: 	at java.util.concurrent.FutureTask.run(FutureTask.java:266)
09-02 10:16:22.898 11335 11363 E TestRunner: 	at android.os.Handler.handleCallback(Handler.java:938)
09-02 10:16:22.898 11335 11363 E TestRunner: 	at android.os.Handler.dispatchMessage(Handler.java:99)
09-02 10:16:22.898 11335 11363 E TestRunner: 	at android.os.Looper.loop(Looper.java:223)
09-02 10:16:22.898 11335 11363 E TestRunner: 	at android.app.ActivityThread.main(ActivityThread.java:7656)
09-02 10:16:22.898 11335 11363 E TestRunner: 	at java.lang.reflect.Method.invoke(Native Method)
09-02 10:16:22.898 11335 11363 E TestRunner: 	at com.android.internal.os.RuntimeInit$MethodAndArgsCaller.run(RuntimeInit.java:592)
09-02 10:16:22.898 11335 11363 E TestRunner: 	at com.android.internal.os.ZygoteInit.main(ZygoteInit.java:947)
09-02 10:16:22.898 11335 11363 E TestRunner: ----- end exception -----
09-02 10:16:22.909   517  6657 D EGL_emulation: eglMakeCurrent: 0xaaacdf30: ver 2 0 (tinfo 0xae476c90) (first time)
09-02 10:16:22.924 11335 11363 I TestRunner: finished: Test_Youtube(com.example.hinvas.MainActivityTest)
